
> frontend@0.0.0 build
> tsc && vite build

src/App.tsx(1,1): error TS6133: 'React' is declared but its value is never read.
src/pages/StudentDashboard.tsx(1,8): error TS6133: 'React' is declared but its value is never read.
src/pages/TeacherDashboard.tsx(1,8): error TS6133: 'React' is declared but its value is never read.
src/pages/WelcomePage.tsx(1,8): error TS6133: 'React' is declared but its value is never read.
